::1 - - [11/Aug/2026 17:23:49] "GET / HTTP/1.1" 200 -
::1 - - [11/Aug/2026 17:23:49] "GET /assets/css/style.css HTTP/1.1" 200 -
::1 - - [11/Aug/2026 17:23:49] "GET /assets/js/works.js HTTP/1.1" 200 -
::1 - - [11/Aug/2026 17:23:49] "GET /assets/screenshots/13-extra-thumb.png HTTP/1.1" 200 -
::1 - - [11/Aug/2026 17:23:49] "GET /assets/screenshots/ah-cover-thumb.png HTTP/1.1" 200 -
::1 - - [11/Aug/2026 17:23:49] "GET /assets/screenshots/zp-01-gallery.png HTTP/1.1" 200 -
::1 - - [11/Aug/2026 17:23:54] "GET /assets/screenshots/ai-agent-console-cover.png HTTP/1.1" 200 -
::1 - - [11/Aug/2026 17:23:55] "GET /ai-agent.html HTTP/1.1" 200 -
::1 - - [11/Aug/2026 17:23:55] "GET /assets/js/ai-agent.js HTTP/1.1" 200 -
::1 - - [11/Aug/2026 18:34:11] "GET /index.html HTTP/1.1" 200 -
::1 - - [11/Aug/2026 18:34:13] "GET /wikibot.html HTTP/1.1" 200 -
::1 - - [11/Aug/2026 18:34:13] "GET /assets/js/main.js HTTP/1.1" 200 -
::1 - - [11/Aug/2026 18:34:14] "GET /assets/screenshots/10-chat-thumb.png HTTP/1.1" 200 -
::1 - - [11/Aug/2026 18:34:15] "GET /assets/screenshots/11-wiki-kb-thumb.png HTTP/1.1" 200 -
::1 - - [11/Aug/2026 18:34:15] "GET /assets/screenshots/%E9%A3%9E%E4%B9%A6%E8%AF%A2%E9%97%AE%E4%B8%8E%E7%83%AD%E9%97%A8%E9%97%AE%E9%A2%98-thumb.png HTTP/1.1" 200 -
::1 - - [11/Aug/2026 18:34:15] "GET /assets/screenshots/%E9%A3%9E%E4%B9%A6%E5%9B%9E%E7%AD%94-%E5%B8%A6%E6%BA%90%E6%96%87%E4%BB%B6%E9%93%BE%E6%8E%A5%E4%B8%8E%E5%8F%8D%E9%A6%88%E6%8C%89%E9%92%AE-thumb.png HTTP/1.1" 200 -
::1 - - [11/Aug/2026 18:34:15] "GET /assets/screenshots/%E9%A3%9E%E4%B9%A6%E5%91%BD%E4%BB%A4%E7%AE%A1%E7%90%86-thumb.png HTTP/1.1" 200 -
::1 - - [11/Aug/2026 18:34:15] "GET /assets/screenshots/02-my-repos-thumb.png HTTP/1.1" 200 -
::1 - - [11/Aug/2026 18:34:15] "GET /assets/screenshots/04-admin-metrics-thumb.png HTTP/1.1" 200 -
::1 - - [11/Aug/2026 18:34:15] "GET /assets/screenshots/06-admin-modules-thumb.png HTTP/1.1" 200 -
::1 - - [11/Aug/2026 18:34:15] "GET /assets/screenshots/08-feedback-thumb.png HTTP/1.1" 200 -
::1 - - [11/Aug/2026 18:34:45] "GET /agenthub.html HTTP/1.1" 200 -
::1 - - [11/Aug/2026 18:34:45] "GET /assets/js/agenthub.js HTTP/1.1" 200 -
::1 - - [11/Aug/2026 18:34:46] "GET /assets/screenshots/ah-01-skills-thumb.png HTTP/1.1" 200 -
::1 - - [11/Aug/2026 18:34:46] "GET /assets/screenshots/ah-02-skill-detail-thumb.png HTTP/1.1" 200 -
::1 - - [11/Aug/2026 18:34:46] "GET /assets/screenshots/ah-03-search-thumb.png HTTP/1.1" 200 -
::1 - - [11/Aug/2026 18:34:46] "GET /assets/screenshots/ah-05-pending-thumb.png HTTP/1.1" 200 -
::1 - - [11/Aug/2026 18:34:46] "GET /assets/screenshots/ah-10-approval-log-thumb.png HTTP/1.1" 200 -
::1 - - [11/Aug/2026 18:34:46] "GET /assets/screenshots/ah-06-users-thumb.png HTTP/1.1" 200 -
::1 - - [11/Aug/2026 18:34:46] "GET /assets/screenshots/ah-07-groups-thumb.png HTTP/1.1" 200 -
::1 - - [11/Aug/2026 18:34:46] "GET /assets/screenshots/ah-09-guide-thumb.png HTTP/1.1" 200 -
